CUDA_VISIBLE_DEVICES=0 ./cuda-samples/Samples/1_Utilities/bandwidthTest/bandwidthTest --memory=pinned --mode=shmoo

.................................................................................
 Host to Device Bandwidth, 1 Device(s)
 PINNED Memory Transfers
   Transfer Size (Bytes)	Bandwidth(GB/s)
   1000				0.2
   2000				0.3

.................................................................................
 Device to Host Bandwidth, 1 Device(s)
 PINNED Memory Transfers
   Transfer Size (Bytes)	Bandwidth(GB/s)
   1000				0.2
   2000				0.3
.................................................................................
 Device to Device Bandwidth, 1 Device(s)
 PINNED Memory Transfers
   Transfer Size (Bytes)	Bandwidth(GB/s)
   1000				0.3
   2000				0.5

Result = PASS

NOTE: The CUDA Samples are not meant for performance measurements. Results may vary when GPU Boost is enabled.
