nvbandwidth Version: v0.7
Built from Git version: v0.7

CUDA Runtime Version: 12060
CUDA Driver Version: 12060
Driver Version: 560.35.05

Device 0: NVIDIA A100-SXM4-40GB (00000000:09:00)
Device 1: NVIDIA A100-SXM4-40GB (00000000:0a:00)
Device 2: NVIDIA A100-SXM4-40GB (00000000:0b:00)
Device 3: NVIDIA A100-SXM4-40GB (00000000:0c:00)
Device 4: NVIDIA A100-SXM4-40GB (00000000:0d:00)
Device 5: NVIDIA A100-SXM4-40GB (00000000:0e:00)
Device 6: NVIDIA A100-SXM4-40GB (00000000:0f:00)
Device 7: NVIDIA A100-SXM4-40GB (00000000:10:00)

Running host_to_device_memcpy_ce.
memcpy CE CPU(row) -> GPU(column) bandwidth (GB/s)
           0         1         2         3         4         5         6         7
 0     15.79     15.77     15.74     12.75     12.76     12.68     12.70     15.70

SUM host_to_device_memcpy_ce 113.88

Running device_to_host_memcpy_ce.
memcpy CE CPU(row) <- GPU(column) bandwidth (GB/s)
           0         1         2         3         4         5         6         7
 0     15.32     15.62     15.59      9.16      9.17      9.13      9.14     15.32

SUM device_to_host_memcpy_ce 98.46

Running host_to_device_bidirectional_memcpy_ce.
memcpy CE CPU(row) <-> GPU(column) bandwidth (GB/s)
           0         1         2         3         4         5         6         7
 0      6.06      6.12      6.12      3.82      3.82      3.81      3.81      6.06

SUM host_to_device_bidirectional_memcpy_ce 39.63

Running device_to_host_bidirectional_memcpy_ce.
memcpy CE CPU(row) <-> GPU(column) bandwidth (GB/s)
           0         1         2         3         4         5         6         7
 0     14.72     14.94     14.94      8.86      8.87      8.82      8.82     14.73

SUM device_to_host_bidirectional_memcpy_ce 94.69

Running device_to_device_memcpy_read_ce.
memcpy CE GPU(row) -> GPU(column) bandwidth (GB/s)
           0         1         2         3         4         5         6         7
 0       N/A    267.04    267.39    266.99    267.21    266.79    266.79    267.30
 1    266.79       N/A    267.30    266.69    266.61    266.27    266.45    266.64
 2    266.54    267.13       N/A    266.62    266.80    266.45    266.45    266.62
 3    266.36    267.10    266.83       N/A    266.25    266.59    266.52    266.75
 4    266.98    267.42    266.89    266.11       N/A    266.75    266.95    266.78
 5    266.70    266.90    266.60    266.14    266.53       N/A    266.46    266.92
 6    266.74    267.12    266.78    266.90    266.38    266.96       N/A    266.52
 7    266.62    266.61    266.54    266.72    266.50    266.95    267.28       N/A

SUM device_to_device_memcpy_read_ce 14938.06

Running device_to_device_memcpy_write_ce.
memcpy CE GPU(row) <- GPU(column) bandwidth (GB/s)
           0         1         2         3         4         5         6         7
 0       N/A    268.62    268.72    268.72    269.27    268.57    268.53    268.71
 1    268.99       N/A    268.61    268.70    269.22    268.75    268.61    268.72
 2    268.98    268.52       N/A    268.56    269.19    268.62    268.51    268.69
 3    269.16    268.54    268.49       N/A    268.93    268.59    268.44    268.28
 4    269.00    268.59    268.57    268.49       N/A    268.54    268.51    268.71
 5    269.14    268.29    268.74    268.28    268.96       N/A    268.42    268.60
 6    269.04    268.73    268.39    268.59    269.07    268.09       N/A    268.59
 7    268.77    268.52    268.64    268.63    268.83    268.65    268.71       N/A

SUM device_to_device_memcpy_write_ce 15046.35

Running device_to_device_bidirectional_memcpy_read_ce.
memcpy CE GPU(row) <-> GPU(column) Read1 bandwidth (GB/s)
           0         1         2         3         4         5         6         7
 0       N/A    207.84    207.71    207.74    207.67    207.63    207.27    207.92
 1    207.72       N/A    207.66    207.62    207.67    207.67    207.32    207.59
 2    207.63    207.56       N/A    207.61    207.67    207.63    207.20    207.90
 3    207.64    207.58    207.93       N/A    207.64    207.68    207.20    207.68
 4    207.94    207.95    207.88    207.95       N/A    207.77    207.36    207.93
 5    207.64    207.78    207.72    207.86    207.63       N/A    207.26    207.86
 6    207.54    207.66    207.72    207.48    207.56    207.62       N/A    207.71
 7    207.66    207.58    207.61    207.57    207.73    207.51    207.17       N/A

SUM device_to_device_bidirectional_memcpy_read_ce_read1 11628.20

memcpy CE GPU(row) <-> GPU(column) Read2 bandwidth (GB/s)
           0         1         2         3         4         5         6         7
 0       N/A    207.85    207.72    207.79    207.72    207.69    207.45    207.79
 1    207.80       N/A    207.80    207.69    208.04    207.72    207.64    207.64
 2    207.89    207.60       N/A    207.76    208.00    207.69    207.60    207.76
 3    207.78    207.54    207.79       N/A    207.91    207.72    207.52    207.74
 4    207.85    207.74    207.67    207.82       N/A    207.71    207.44    207.78
 5    207.83    207.73    207.69    207.60    207.79       N/A    207.65    207.80
 6    207.43    207.35    207.33    207.28    207.44    207.46       N/A    207.39
 7    207.74    207.64    207.64    207.77    208.05    207.79    207.54       N/A

SUM device_to_device_bidirectional_memcpy_read_ce_read2 11630.55

memcpy CE GPU(row) <-> GPU(column) Total bandwidth (GB/s)
           0         1         2         3         4         5         6         7
 0       N/A    415.69    415.43    415.52    415.39    415.32    414.72    415.71
 1    415.52       N/A    415.46    415.30    415.71    415.38    414.96    415.22
 2    415.51    415.16       N/A    415.37    415.68    415.31    414.79    415.66
 3    415.42    415.11    415.73       N/A    415.54    415.40    414.72    415.42
 4    415.79    415.69    415.55    415.77       N/A    415.47    414.79    415.71
 5    415.47    415.51    415.40    415.46    415.42       N/A    414.91    415.66
 6    414.97    415.01    415.04    414.75    415.00    415.08       N/A    415.10
 7    415.40    415.22    415.25    415.34    415.78    415.30    414.71       N/A

SUM device_to_device_bidirectional_memcpy_read_ce_total 23258.75

Running device_to_device_bidirectional_memcpy_write_ce.
memcpy CE GPU(row) <-> GPU(column) Write1 bandwidth (GB/s)
           0         1         2         3         4         5         6         7
 0       N/A    208.21    208.24    208.26    208.04    208.20    208.14    208.29
 1    208.04       N/A    208.02    208.09    208.11    208.08    208.10    208.16
 2    208.03    208.16       N/A    208.14    207.96    207.91    208.01    208.00
 3    207.99    208.03    208.05       N/A    208.04    208.20    207.94    208.15
 4    208.11    208.28    208.24    208.25       N/A    208.19    208.20    208.14
 5    208.00    207.92    208.18    207.98    208.00       N/A    208.06    207.98
 6    208.05    208.13    207.97    208.06    208.02    208.00       N/A    208.05
 7    208.01    207.99    208.00    208.09    207.99    208.07    208.01       N/A

SUM device_to_device_bidirectional_memcpy_write_ce_write1 11652.58

memcpy CE GPU(row) <-> GPU(column) Write2 bandwidth (GB/s)
           0         1         2         3         4         5         6         7
 0       N/A    208.05    208.10    207.99    208.26    208.06    208.07    208.07
 1    208.11       N/A    208.07    208.03    208.28    208.00    208.09    208.11
 2    208.24    208.12       N/A    208.07    208.20    208.14    208.05    208.12
 3    208.21    208.06    208.04       N/A    208.18    208.06    208.04    208.09
 4    208.20    208.08    208.06    208.06       N/A    208.11    208.11    208.16
 5    208.16    207.97    208.08    208.09    208.23       N/A    208.07    208.09
 6    208.22    208.16    207.93    208.17    208.29    208.06       N/A    208.08
 7    208.28    208.06    208.09    208.10    208.26    208.06    208.07       N/A

SUM device_to_device_bidirectional_memcpy_write_ce_write2 11654.22

memcpy CE GPU(row) <-> GPU(column) Total bandwidth (GB/s)
           0         1         2         3         4         5         6         7
 0       N/A    416.25    416.34    416.24    416.30    416.25    416.21    416.36
 1    416.15       N/A    416.09    416.13    416.39    416.09    416.19    416.27
 2    416.26    416.27       N/A    416.21    416.16    416.06    416.06    416.12
 3    416.20    416.09    416.09       N/A    416.22    416.25    415.99    416.24
 4    416.32    416.36    416.30    416.32       N/A    416.29    416.31    416.29
 5    416.15    415.90    416.26    416.07    416.22       N/A    416.13    416.07
 6    416.27    416.29    415.91    416.22    416.32    416.06       N/A    416.14
 7    416.29    416.05    416.09    416.19    416.25    416.13    416.08       N/A

SUM device_to_device_bidirectional_memcpy_write_ce_total 23306.79

Running all_to_host_memcpy_ce.
memcpy CE CPU(row) <- GPU(column) bandwidth (GB/s)
           0         1         2         3         4         5         6         7
 0      3.37      3.31      3.22      2.05      1.95      2.04      1.92      3.36

SUM all_to_host_memcpy_ce 21.21

Running all_to_host_bidirectional_memcpy_ce.
memcpy CE CPU(row) <-> GPU(column) bandwidth (GB/s)
           0         1         2         3         4         5         6         7
 0      2.23      2.22      2.21      1.74      1.73      1.70      1.70      2.22

SUM all_to_host_bidirectional_memcpy_ce 15.75

Running host_to_all_memcpy_ce.
memcpy CE CPU(row) -> GPU(column) bandwidth (GB/s)
           0         1         2         3         4         5         6         7
 0      2.60      2.60      2.60      2.51      2.51      2.51      2.51      2.60

SUM host_to_all_memcpy_ce 20.46

Running host_to_all_bidirectional_memcpy_ce.
memcpy CE CPU(row) <-> GPU(column) bandwidth (GB/s)
           0         1         2         3         4         5         6         7
 0      0.91      0.91      0.91      0.78      0.78      0.77      0.77      0.91

SUM host_to_all_bidirectional_memcpy_ce 6.74

Running all_to_one_write_ce.
memcpy CE GPU(row) <- GPU(column) bandwidth (GB/s)
           0         1         2         3         4         5         6         7
 0    262.75    262.36    262.34    262.37    262.90    262.36    262.35    262.17

SUM all_to_one_write_ce 2099.60

Running all_to_one_read_ce.
memcpy CE GPU(row) -> GPU(column) bandwidth (GB/s)
           0         1         2         3         4         5         6         7
 0    219.97    219.58    219.59    219.97    219.43    220.00    219.94    219.96

SUM all_to_one_read_ce 1758.45

Running one_to_all_write_ce.
memcpy CE GPU(row) -> GPU(column) bandwidth (GB/s)
           0         1         2         3         4         5         6         7
 0    268.15    268.20    268.18    268.24    268.07    268.26    268.16    268.15

SUM one_to_all_write_ce 2145.39

Running one_to_all_read_ce.
memcpy CE GPU(row) <- GPU(column) bandwidth (GB/s)
           0         1         2         3         4         5         6         7
 0    262.25    262.03    261.91    261.88    262.12    262.00    261.99    262.04

SUM one_to_all_read_ce 2096.21

Running host_to_device_memcpy_sm.
memcpy SM CPU(row) -> GPU(column) bandwidth (GB/s)
           0         1         2         3         4         5         6         7
 0     13.14     13.07     13.09     12.29     12.29     12.23     12.22     13.01

SUM host_to_device_memcpy_sm 101.36

Running device_to_host_memcpy_sm.
memcpy SM CPU(row) <- GPU(column) bandwidth (GB/s)
           0         1         2         3         4         5         6         7
 0      2.21      2.22      2.22      0.80      0.80      0.79      0.79      2.21

SUM device_to_host_memcpy_sm 12.04

Running host_to_device_bidirectional_memcpy_sm.
memcpy SM CPU(row) <-> GPU(column) bandwidth (GB/s)
           0         1         2         3         4         5         6         7
 0      2.04      2.04      2.04      0.73      0.73      0.73      0.73      2.04

SUM host_to_device_bidirectional_memcpy_sm 11.08

Running device_to_host_bidirectional_memcpy_sm.
memcpy SM CPU(row) <-> GPU(column) bandwidth (GB/s)
           0         1         2         3         4         5         6         7
 0      2.04      2.04      2.04      0.73      0.73      0.73      0.73      2.04

SUM device_to_host_bidirectional_memcpy_sm 11.07

Running device_to_device_memcpy_read_sm.
memcpy SM GPU(row) -> GPU(column) bandwidth (GB/s)
           0         1         2         3         4         5         6         7
 0       N/A    242.44    242.46    242.51    242.26    242.34    242.42    242.59
 1    242.45       N/A    242.63    242.75    242.52    242.68    242.46    242.53
 2    242.70    242.75       N/A    242.44    242.58    242.40    242.48    242.14
 3    241.99    242.28    241.75       N/A    242.03    242.16    241.75    241.88
 4    242.60    242.63    242.75    242.48       N/A    242.59    242.57    242.83
 5    242.49    242.44    242.77    242.50    242.59       N/A    242.55    242.66
 6    242.45    242.44    242.90    242.55    242.63    242.47       N/A    242.41
 7    242.71    242.79    242.88    242.70    242.79    242.81    242.88       N/A

SUM device_to_device_memcpy_read_sm 13580.24

Running device_to_device_memcpy_write_sm.
memcpy SM GPU(row) <- GPU(column) bandwidth (GB/s)
           0         1         2         3         4         5         6         7
 0       N/A    200.33    199.99    200.15    200.03    200.39    200.11    200.14
 1    199.39       N/A    199.60    199.63    199.45    199.29    199.76    199.69
 2    198.79    198.60       N/A    198.73    198.88    198.53    198.68    198.88
 3    199.83    199.92    199.91       N/A    199.97    200.02    200.13    200.00
 4    198.99    198.91    198.93    198.87       N/A    198.98    198.80    198.90
 5    199.69    199.61    199.85    198.88    198.77       N/A    198.69    198.74
 6    198.91    198.78    198.89    200.15    200.38    200.25       N/A    200.48
 7    198.98    198.66    198.86    199.01    198.82    198.71    198.66       N/A

SUM device_to_device_memcpy_write_sm 11164.95

Running device_to_device_bidirectional_memcpy_read_sm.
memcpy SM GPU(row) <-> GPU(column) Read1 bandwidth (GB/s)
           0         1         2         3         4         5         6         7
 0       N/A    211.65    211.69    211.57    211.63    211.56    211.31    211.47
 1    211.79       N/A    212.40    212.21    212.58    211.89    212.32    211.88
 2    211.57    211.91       N/A    211.76    211.82    211.74    211.94    211.98
 3    211.49    211.69    211.48       N/A    211.74    211.50    211.71    211.49
 4    212.17    212.13    211.40    211.96       N/A    211.75    211.83    211.76
 5    211.58    211.83    211.30    212.22    211.88       N/A    211.88    211.92
 6    212.59    212.57    212.32    211.92    212.39    211.86       N/A    212.03
 7    211.73    211.73    211.84    212.17    212.01    212.04    211.89       N/A

SUM device_to_device_bidirectional_memcpy_read_sm_read1 11864.46

memcpy SM GPU(row) <-> GPU(column) Read2 bandwidth (GB/s)
           0         1         2         3         4         5         6         7
 0       N/A    212.20    211.83    211.12    211.97    211.82    212.22    211.88
 1    211.73       N/A    211.68    211.60    211.81    211.60    211.90    211.88
 2    211.77    211.93       N/A    211.46    211.61    211.58    211.88    211.68
 3    211.41    212.11    212.00       N/A    211.88    212.01    211.99    212.01
 4    212.01    212.32    211.93    211.38       N/A    211.45    212.12    211.68
 5    211.70    212.17    211.75    211.17    211.80       N/A    212.02    211.82
 6    211.65    211.97    211.89    211.23    211.96    212.38       N/A    211.95
 7    211.72    212.12    211.87    211.70    211.79    211.43    212.24       N/A

SUM device_to_device_bidirectional_memcpy_read_sm_read2 11861.77

memcpy SM GPU(row) <-> GPU(column) Total bandwidth (GB/s)
           0         1         2         3         4         5         6         7
 0       N/A    423.85    423.53    422.69    423.60    423.37    423.53    423.35
 1    423.51       N/A    424.08    423.81    424.40    423.49    424.22    423.76
 2    423.34    423.83       N/A    423.22    423.43    423.32    423.82    423.66
 3    422.89    423.80    423.47       N/A    423.62    423.51    423.70    423.51
 4    424.18    424.45    423.33    423.34       N/A    423.20    423.95    423.44
 5    423.27    424.01    423.05    423.39    423.68       N/A    423.90    423.73
 6    424.23    424.54    424.21    423.15    424.35    424.24       N/A    423.98
 7    423.45    423.86    423.71    423.88    423.79    423.47    424.13       N/A

SUM device_to_device_bidirectional_memcpy_read_sm_total 23726.23

Running device_to_device_bidirectional_memcpy_write_sm.
memcpy SM GPU(row) <-> GPU(column) Write1 bandwidth (GB/s)
           0         1         2         3         4         5         6         7
 0       N/A    153.69    153.40    153.95    154.04    153.98    154.09    153.64
 1    153.99       N/A    153.78    153.88    154.13    154.15    153.98    153.72
 2    154.01    153.79       N/A    153.81    153.98    153.96    154.12    153.61
 3    153.83    153.71    153.63       N/A    153.91    154.10    153.88    153.69
 4    153.84    153.78    153.69    153.72       N/A    153.96    154.04    153.77
 5    153.80    153.78    153.72    153.87    154.02       N/A    154.07    153.62
 6    153.96    153.68    153.76    153.83    153.73    153.95       N/A    153.61
 7    153.86    153.69    153.59    153.90    153.74    153.91    154.08       N/A

SUM device_to_device_bidirectional_memcpy_write_sm_write1 8615.44

memcpy SM GPU(row) <-> GPU(column) Write2 bandwidth (GB/s)
           0         1         2         3         4         5         6         7
 0       N/A    154.02    153.70    153.89    153.77    153.99    153.69    154.03
 1    153.69       N/A    153.59    153.77    153.69    153.76    153.45    153.76
 2    153.63    153.72       N/A    153.76    153.59    153.69    153.54    153.69
 3    153.88    154.07    153.97       N/A    154.09    153.75    153.98    153.86
 4    153.96    154.06    153.92    154.11       N/A    153.94    153.90    153.86
 5    153.96    153.83    153.90    154.05    154.02       N/A    154.08    154.02
 6    153.86    154.13    153.92    154.07    153.99    154.03       N/A    154.00
 7    153.84    153.92    153.84    153.96    154.02    154.08    153.86       N/A

SUM device_to_device_bidirectional_memcpy_write_sm_write2 8617.18

memcpy SM GPU(row) <-> GPU(column) Total bandwidth (GB/s)
           0         1         2         3         4         5         6         7
 0       N/A    307.71    307.10    307.84    307.81    307.97    307.77    307.67
 1    307.68       N/A    307.37    307.65    307.82    307.91    307.44    307.48
 2    307.65    307.51       N/A    307.57    307.58    307.65    307.66    307.30
 3    307.71    307.78    307.60       N/A    308.00    307.85    307.86    307.54
 4    307.80    307.84    307.60    307.83       N/A    307.91    307.94    307.63
 5    307.75    307.61    307.62    307.92    308.04       N/A    308.15    307.64
 6    307.81    307.81    307.68    307.90    307.73    307.99       N/A    307.61
 7    307.70    307.61    307.44    307.86    307.76    307.99    307.94       N/A

SUM device_to_device_bidirectional_memcpy_write_sm_total 17232.62

Running all_to_host_memcpy_sm.
memcpy SM CPU(row) <- GPU(column) bandwidth (GB/s)
           0         1         2         3         4         5         6         7
 0      1.11      1.11      1.11      0.40      0.40      0.39      0.39      1.11

SUM all_to_host_memcpy_sm 6.01

Running all_to_host_bidirectional_memcpy_sm.
memcpy SM CPU(row) <-> GPU(column) bandwidth (GB/s)
           0         1         2         3         4         5         6         7
 0      1.01      1.01      1.01      0.36      0.36      0.36      0.36      1.01

SUM all_to_host_bidirectional_memcpy_sm 5.49

Running host_to_all_memcpy_sm.
memcpy SM CPU(row) -> GPU(column) bandwidth (GB/s)
           0         1         2         3         4         5         6         7
 0      2.01      2.02      2.02      1.88      1.88      1.87      1.87      2.01

SUM host_to_all_memcpy_sm 15.55

Running host_to_all_bidirectional_memcpy_sm.
memcpy SM CPU(row) <-> GPU(column) bandwidth (GB/s)
           0         1         2         3         4         5         6         7
 0      1.01      1.01      1.01      0.36      0.36      0.36      0.36      1.01

SUM host_to_all_bidirectional_memcpy_sm 5.49

Running all_to_one_write_sm.
memcpy SM GPU(row) <- GPU(column) bandwidth (GB/s)
           0         1         2         3         4         5         6         7
 0    244.57    244.35    244.26    244.37    244.63    244.32    244.32    244.26

SUM all_to_one_write_sm 1955.09

Running all_to_one_read_sm.
memcpy SM GPU(row) -> GPU(column) bandwidth (GB/s)
           0         1         2         3         4         5         6         7
 0    183.94    205.72    210.60    214.45    223.07    210.98    196.15    222.96

SUM all_to_one_read_sm 1667.87

Running one_to_all_write_sm.
memcpy SM GPU(row) -> GPU(column) bandwidth (GB/s)
           0         1         2         3         4         5         6         7
 0    204.47    210.89    199.03    204.39    223.03    218.04    204.32    211.60

SUM one_to_all_write_sm 1675.77

Running one_to_all_read_sm.
memcpy SM GPU(row) <- GPU(column) bandwidth (GB/s)
           0         1         2         3         4         5         6         7
 0    244.60    244.28    244.41    244.35    244.61    244.25    244.31    244.28

SUM one_to_all_read_sm 1955.08

Running host_device_latency_sm.
memory latency SM CPU(row) <-> GPU(column) (ns)
           0         1         2         3         4         5         6         7
 0   1974.57   1971.04   1964.54   2088.87   2105.43   2103.82   2103.21   1963.45

SUM host_device_latency_sm 16274.92

Running device_to_device_latency_sm.
Device to Device Latency SM GPU(row) <-> GPU(column) (ns)
           0         1         2         3         4         5         6         7
 0       N/A   1972.85   1982.09   1964.31   1965.40   1978.22   1974.33   1978.24
 1   1964.49       N/A   1966.16   1957.05   1975.65   1966.52   1956.84   1961.63
 2   1975.22   1956.88       N/A   1955.65   1962.74   1956.54   1954.78   1956.21
 3   2098.10   2085.36   2087.90       N/A   2084.41   2085.51   2083.91   2085.66
 4   2088.44   2088.20   2089.44   2089.57       N/A   2089.23   2088.97   2088.22
 5   2085.88   2085.44   2084.40   2085.49   2084.63       N/A   2086.00   2085.13
 6   2084.13   2081.96   2083.90   2083.62   2083.63   2083.75       N/A   2084.10
 7   1951.49   1951.35   1950.95   1951.98   1951.19   1951.13   1950.83       N/A

SUM device_to_device_latency_sm 113355.72

Running device_local_copy.
memcpy local GPU(column) bandwidth (GB/s)
           0         1         2         3         4         5         6         7
 0    430.23    429.82    429.86    429.54    429.17    430.19    429.54    429.75

SUM device_local_copy 3438.10

NOTE: The reported results may not reflect the full capabilities of the platform.
Performance can vary with software drivers, hardware clocks, and system topology.

